// Vitest Snapshot v1, https://vitest.dev/guide/snapshot.html

exports[`App > /project-forms/demo/projects/1/issues/new?code=123 1`] = `
<DocumentFragment>
  <div
    class="BaseStyles__Base-sc-nfjs56-0 kBCNKa"
    color="fg.default"
    data-color-mode="light"
    data-dark-theme="dark"
    data-light-theme="light"
    data-portal-root="true"
    font-family="normal"
  >
    <header
      class="Header-sc-1wu4agm-0 cwcmrC"
    >
      <div
        class="Header__HeaderItem-sc-1wu4agm-1 hFzBrP"
      >
        <a
          class="Header__HeaderLink-sc-1wu4agm-2 iizeLw"
          href="https://github.com/project-forms"
        >
          <svg
            aria-hidden="true"
            class="Octicon-sc-9kayk9-0 eoNnjt"
            fill="currentColor"
            focusable="false"
            height="32"
            role="img"
            style="display: inline-block; user-select: none; vertical-align: text-bottom; overflow: visible;"
            viewBox="0 0 24 24"
            width="32"
          >
            <path
              d="M2 3.75C2 2.784 2.784 2 3.75 2h16.5c.966 0 1.75.784 1.75 1.75v16.5A1.75 1.75 0 0 1 20.25 22H3.75A1.75 1.75 0 0 1 2 20.25ZM9 9v11.5h11.25a.25.25 0 0 0 .25-.25V9Zm11.5-1.5V3.75a.25.25 0 0 0-.25-.25H9v4ZM3.5 9v11.25c0 .138.112.25.25.25H7.5V9Zm4-1.5v-4H3.75a.25.25 0 0 0-.25.25V7.5Z"
            />
          </svg>
          <span>
            Project Forms
          </span>
        </a>
      </div>
      <div
        class="Header__HeaderItem-sc-1wu4agm-1 jJZXfG"
      >
        <button
          aria-haspopup="true"
          class="types__StyledButton-sc-ws60qy-0 SQOoL"
          data-component="IconButton"
          data-no-visuals="true"
          id="react-aria-:r0:"
          tabindex="0"
          type="button"
        >
          <img
            alt=""
            class="Avatar__StyledAvatar-sc-2lv0r8-0 gNYUCl"
            height="32"
            size="32"
            src="https://github.com/images/error/octocat_happy.gif"
            width="32"
          />
        </button>
      </div>
    </header>
    <div
      class="Box-sc-g0xbh4-0 geFQUw"
    >
      <div
        class="Box-sc-g0xbh4-0 chbkDf"
      >
        <nav
          aria-label="Breadcrumbs"
          class="Breadcrumbs__BreadcrumbsBase-sc-9m4wsf-1 jHqoNi"
        >
          <ol
            class="Box-sc-g0xbh4-0 eItYAW"
          >
            <li
              class="Breadcrumbs__Wrapper-sc-9m4wsf-0 jUaWOZ"
            >
              <a
                class="Breadcrumbs__BreadcrumbsItem-sc-9m4wsf-2 cGAxOd"
                href="https://github.com/project-forms"
              >
                project-forms
              </a>
            </li>
            <li
              class="Breadcrumbs__Wrapper-sc-9m4wsf-0 jUaWOZ"
            >
              <a
                aria-current="page"
                class="Breadcrumbs__BreadcrumbsItem-sc-9m4wsf-2 cGAxOd selected"
                href="https://github.com/project-forms/demo"
              >
                demo
              </a>
            </li>
          </ol>
        </nav>
        <h2
          class="Heading__StyledHeading-sc-1c1dgg0-0 dJRcyg"
        >
          Submit to project 
          <a
            class="Link__StyledLink-sc-14289xe-0 iCnTAO"
            href="Project URL"
          >
            #1 My Project
          </a>
        </h2>
      </div>
    </div>
    <div
      class="Box-sc-g0xbh4-0 chbkDf"
    >
      <form>
        <div
          class="Box-sc-g0xbh4-0 bjtFqb"
        >
          <div
            class="Box-sc-g0xbh4-0 dgmmuv"
            display="flex"
          >
            <label
              class="_VisuallyHidden__VisuallyHidden-sc-11jhm7a-0 hjcOCW"
              for="react-aria-:r2:"
            >
              <span
                class="Box-sc-g0xbh4-0 jZSkdQ"
                display="flex"
              >
                <div
                  class="Box-sc-g0xbh4-0 bhnSKu"
                >
                  Issue title
                </div>
                <span>
                  *
                </span>
              </span>
            </label>
            <span
              aria-busy="false"
              class="TextInputWrapper__TextInputBaseWrapper-sc-1mqhpbi-0 TextInputWrapper-sc-1mqhpbi-1 bvOKsi jfWWKv TextInput-wrapper"
            >
              <input
                aria-describedby=""
                class="UnstyledTextInput-sc-14ypya-0 eHKHqO"
                data-component="input"
                id="react-aria-:r2:"
                name="title"
                required=""
                type="text"
              />
            </span>
          </div>
          <div
            class="Box-sc-g0xbh4-0 dgmmuv"
            display="flex"
          >
            <label
              class="_VisuallyHidden__VisuallyHidden-sc-11jhm7a-0 hjcOCW"
              for="react-aria-:r3:"
            >
              Issue description
            </label>
            <span
              class="TextInputWrapper__TextInputBaseWrapper-sc-1mqhpbi-0 bvOKsi"
            >
              <textarea
                aria-describedby=""
                aria-invalid="false"
                aria-required="false"
                class="Textarea__StyledTextarea-sc-1lf8it-0 jqAtDs"
                cols="30"
                id="react-aria-:r3:"
                name="body"
                rows="7"
              />
            </span>
          </div>
          <div
            class="Box-sc-g0xbh4-0 fPbvzj"
            display="flex"
          >
            <button
              class="types__StyledButton-sc-ws60qy-0 cRArGu"
              data-no-visuals="true"
              disabled=""
              type="submit"
            >
              <span
                class="Box-sc-g0xbh4-0 gUkoLg"
                data-component="buttonContent"
              >
                <span
                  data-component="text"
                >
                  Submit new issue
                </span>
              </span>
            </button>
          </div>
        </div>
      </form>
    </div>
  </div>
</DocumentFragment>
`;
